// Jest Snapshot v1, https://goo.gl/fbAQLP

exports[`Test Sub Recipes 1`] = `
<div
  className="subgroup ingredient-group"
>
  <table
    className="table ingredients-table table table-sm table-striped"
  >
    <caption
      className="subheading h3"
      id="subrecipes"
    >
      Subrecipes:
      <a
        className="headerlink"
        href="/#subrecipes"
        onClick={[Function]}
        title="Permalink to this headline"
      >
        Â¶
      </a>
    </caption>
    <thead
      className="hideme"
    >
      <tr>
        <th>
          <span>
            Quantity
          </span>
        </th>
        <th>
          <span>
            Subrecipe
          </span>
        </th>
      </tr>
    </thead>
    <tbody>
      <tr
        className="ingredient"
      >
        <td
          className="quantity first-col"
        >
          <span>
            1
             
            dash
          </span>
        </td>
        <td
          className="ingredient last-col first-col"
        >
          <span>
            <a
              className="title"
              href="/recipe/undefined"
              onClick={[Function]}
            >
              black pepper
            </a>
          </span>
        </td>
      </tr>
      <tr
        className="ingredient"
      >
        <td
          className="quantity first-col"
        >
          <span>
            4
             
            tablespoons
          </span>
        </td>
        <td
          className="ingredient last-col first-col"
        >
          <span>
            <a
              className="title"
              href="/recipe/undefined"
              onClick={[Function]}
            >
              chili powder
            </a>
          </span>
        </td>
      </tr>
    </tbody>
  </table>
</div>
`;
